




            <label class="govuk-label"
                   
                   for=>

            </label>
         